/Users/msvc/Documents/code/eval_STSPIN_FW_encoder/motor_driver_eval_graph/Src/regular_conversion_manager.c:201:6:RCM_RegisterRegConv	16	static
/Users/msvc/Documents/code/eval_STSPIN_FW_encoder/motor_driver_eval_graph/Src/regular_conversion_manager.c:166:6:RCM_RegisterRegConv_WithCB	16	static
/Users/msvc/Documents/code/eval_STSPIN_FW_encoder/motor_driver_eval_graph/Src/regular_conversion_manager.c:291:10:RCM_ExecRegularConv	20	static
/Users/msvc/Documents/code/eval_STSPIN_FW_encoder/motor_driver_eval_graph/Src/regular_conversion_manager.c:423:6:RCM_RequestUserConv	0	static
/Users/msvc/Documents/code/eval_STSPIN_FW_encoder/motor_driver_eval_graph/Src/regular_conversion_manager.c:448:10:RCM_GetUserConv	0	static
/Users/msvc/Documents/code/eval_STSPIN_FW_encoder/motor_driver_eval_graph/Src/regular_conversion_manager.c:470:6:RCM_ExecUserConv	16	static
/Users/msvc/Documents/code/eval_STSPIN_FW_encoder/motor_driver_eval_graph/Src/regular_conversion_manager.c:519:21:RCM_GetUserConvState	0	static
/Users/msvc/Documents/code/eval_STSPIN_FW_encoder/motor_driver_eval_graph/Src/regular_conversion_manager.c:541:6:RCM_PauseRegularConv	8	static
/Users/msvc/Documents/code/eval_STSPIN_FW_encoder/motor_driver_eval_graph/Src/regular_conversion_manager.c:588:6:RCM_ExecNextConv	16	static
/Users/msvc/Documents/code/eval_STSPIN_FW_encoder/motor_driver_eval_graph/Src/regular_conversion_manager.c:636:6:RCM_ReadOngoingConv	20	static
