/Users/msvc/Documents/code/eval_STSPIN_FW_encoder/motor_driver_eval_graph/Src/stm32f0xx_hal_msp.c:75:6:HAL_MspInit	8	static
/Users/msvc/Documents/code/eval_STSPIN_FW_encoder/motor_driver_eval_graph/Src/stm32f0xx_hal_msp.c:97:6:HAL_ADC_MspInit	56	static
/Users/msvc/Documents/code/eval_STSPIN_FW_encoder/motor_driver_eval_graph/Src/stm32f0xx_hal_msp.c:154:6:HAL_ADC_MspDeInit	8	static
/Users/msvc/Documents/code/eval_STSPIN_FW_encoder/motor_driver_eval_graph/Src/stm32f0xx_hal_msp.c:187:6:HAL_TIM_PWM_MspInit	48	static
/Users/msvc/Documents/code/eval_STSPIN_FW_encoder/motor_driver_eval_graph/Src/stm32f0xx_hal_msp.c:262:6:HAL_TIM_Encoder_MspInit	40	static
/Users/msvc/Documents/code/eval_STSPIN_FW_encoder/motor_driver_eval_graph/Src/stm32f0xx_hal_msp.c:292:6:HAL_TIM_MspPostInit	48	static
/Users/msvc/Documents/code/eval_STSPIN_FW_encoder/motor_driver_eval_graph/Src/stm32f0xx_hal_msp.c:337:6:HAL_TIM_PWM_MspDeInit	8	static
/Users/msvc/Documents/code/eval_STSPIN_FW_encoder/motor_driver_eval_graph/Src/stm32f0xx_hal_msp.c:382:6:HAL_TIM_Encoder_MspDeInit	8	static
/Users/msvc/Documents/code/eval_STSPIN_FW_encoder/motor_driver_eval_graph/Src/stm32f0xx_hal_msp.c:413:6:HAL_UART_MspInit	48	static
/Users/msvc/Documents/code/eval_STSPIN_FW_encoder/motor_driver_eval_graph/Src/stm32f0xx_hal_msp.c:482:6:HAL_UART_MspDeInit	8	static
