/Users/msvc/Documents/code/eval_STSPIN_FW_encoder/motor_driver_eval_graph/MCSDK_v6.2.0-Full/MotorControl/MCSDK/MCLib/Any/Src/revup_ctrl.c:110:13:RUC_Init	8	static
/Users/msvc/Documents/code/eval_STSPIN_FW_encoder/motor_driver_eval_graph/MCSDK_v6.2.0-Full/MotorControl/MCSDK/MCLib/Any/Src/revup_ctrl.c:164:13:RUC_Clear	32	static
/Users/msvc/Documents/code/eval_STSPIN_FW_encoder/motor_driver_eval_graph/MCSDK_v6.2.0-Full/MotorControl/MCSDK/MCLib/Any/Src/revup_ctrl.c:226:13:RUC_OTF_Exec	32	static
/Users/msvc/Documents/code/eval_STSPIN_FW_encoder/motor_driver_eval_graph/MCSDK_v6.2.0-Full/MotorControl/MCSDK/MCLib/Any/Src/revup_ctrl.c:506:13:RUC_Exec	16	static
/Users/msvc/Documents/code/eval_STSPIN_FW_encoder/motor_driver_eval_graph/MCSDK_v6.2.0-Full/MotorControl/MCSDK/MCLib/Any/Src/revup_ctrl.c:573:9:RUC_IsAlignStageNow	0	static
/Users/msvc/Documents/code/eval_STSPIN_FW_encoder/motor_driver_eval_graph/MCSDK_v6.2.0-Full/MotorControl/MCSDK/MCLib/Any/Src/revup_ctrl.c:606:13:RUC_Completed	0	static
/Users/msvc/Documents/code/eval_STSPIN_FW_encoder/motor_driver_eval_graph/MCSDK_v6.2.0-Full/MotorControl/MCSDK/MCLib/Any/Src/revup_ctrl.c:635:13:RUC_Stop	16	static
/Users/msvc/Documents/code/eval_STSPIN_FW_encoder/motor_driver_eval_graph/MCSDK_v6.2.0-Full/MotorControl/MCSDK/MCLib/Any/Src/revup_ctrl.c:668:13:RUC_FirstAccelerationStageReached	0	static
/Users/msvc/Documents/code/eval_STSPIN_FW_encoder/motor_driver_eval_graph/MCSDK_v6.2.0-Full/MotorControl/MCSDK/MCLib/Any/Src/revup_ctrl.c:701:13:RUC_SetPhaseDurationms	0	static
/Users/msvc/Documents/code/eval_STSPIN_FW_encoder/motor_driver_eval_graph/MCSDK_v6.2.0-Full/MotorControl/MCSDK/MCLib/Any/Src/revup_ctrl.c:725:13:RUC_SetPhaseFinalMecSpeedUnit	0	static
/Users/msvc/Documents/code/eval_STSPIN_FW_encoder/motor_driver_eval_graph/MCSDK_v6.2.0-Full/MotorControl/MCSDK/MCLib/Any/Src/revup_ctrl.c:748:13:RUC_SetPhaseFinalTorque	0	static
/Users/msvc/Documents/code/eval_STSPIN_FW_encoder/motor_driver_eval_graph/MCSDK_v6.2.0-Full/MotorControl/MCSDK/MCLib/Any/Src/revup_ctrl.c:776:13:RUC_SetPhase	8	static
/Users/msvc/Documents/code/eval_STSPIN_FW_encoder/motor_driver_eval_graph/MCSDK_v6.2.0-Full/MotorControl/MCSDK/MCLib/Any/Src/revup_ctrl.c:804:17:RUC_GetPhaseDurationms	0	static
/Users/msvc/Documents/code/eval_STSPIN_FW_encoder/motor_driver_eval_graph/MCSDK_v6.2.0-Full/MotorControl/MCSDK/MCLib/Any/Src/revup_ctrl.c:821:16:RUC_GetPhaseFinalMecSpeedUnit	0	static
/Users/msvc/Documents/code/eval_STSPIN_FW_encoder/motor_driver_eval_graph/MCSDK_v6.2.0-Full/MotorControl/MCSDK/MCLib/Any/Src/revup_ctrl.c:838:16:RUC_GetPhaseFinalTorque	0	static
/Users/msvc/Documents/code/eval_STSPIN_FW_encoder/motor_driver_eval_graph/MCSDK_v6.2.0-Full/MotorControl/MCSDK/MCLib/Any/Src/revup_ctrl.c:855:16:RUC_GetNumberOfPhases	0	static
/Users/msvc/Documents/code/eval_STSPIN_FW_encoder/motor_driver_eval_graph/MCSDK_v6.2.0-Full/MotorControl/MCSDK/MCLib/Any/Src/revup_ctrl.c:877:13:RUC_GetPhase	0	static
/Users/msvc/Documents/code/eval_STSPIN_FW_encoder/motor_driver_eval_graph/MCSDK_v6.2.0-Full/MotorControl/MCSDK/MCLib/Any/Src/revup_ctrl.c:903:13:RUC_Get_SCLowsideOTF_Status	0	static
