/Users/msvc/Documents/code/eval_STSPIN_FW_encoder/motor_driver_eval_graph/Src/aspep.c:479:9:ASPEP_TXframeProcess	24	static,ignoring_inline_asm
/Users/msvc/Documents/code/eval_STSPIN_FW_encoder/motor_driver_eval_graph/Src/aspep.c:355:6:ASPEP_CheckBeacon.constprop	48	static
/Users/msvc/Documents/code/eval_STSPIN_FW_encoder/motor_driver_eval_graph/Src/aspep.c:179:6:ASPEP_start	8	static
/Users/msvc/Documents/code/eval_STSPIN_FW_encoder/motor_driver_eval_graph/Src/aspep.c:207:6:ASPEP_sendBeacon	8	static
/Users/msvc/Documents/code/eval_STSPIN_FW_encoder/motor_driver_eval_graph/Src/aspep.c:251:6:ASPEP_sendPing	16	static
/Users/msvc/Documents/code/eval_STSPIN_FW_encoder/motor_driver_eval_graph/Src/aspep.c:285:6:ASPEP_getBuffer	8	static
/Users/msvc/Documents/code/eval_STSPIN_FW_encoder/motor_driver_eval_graph/Src/aspep.c:404:9:ASPEP_sendPacket	16	static
/Users/msvc/Documents/code/eval_STSPIN_FW_encoder/motor_driver_eval_graph/Src/aspep.c:590:6:ASPEP_HWDataTransmittedIT	16	static,ignoring_inline_asm
/Users/msvc/Documents/code/eval_STSPIN_FW_encoder/motor_driver_eval_graph/Src/aspep.c:668:10:ASPEP_RXframeProcess	16	static
/Users/msvc/Documents/code/eval_STSPIN_FW_encoder/motor_driver_eval_graph/Src/aspep.c:836:6:ASPEP_HWDataReceivedIT	16	static
/Users/msvc/Documents/code/eval_STSPIN_FW_encoder/motor_driver_eval_graph/Src/aspep.c:924:6:ASPEP_HWDMAReset	8	static
