../../Drivers/STM32F0xx_HAL_Driver/Inc/stm32f0xx_ll_gpio.h:664:22:LL_GPIO_LockPin	8	static
/Users/msvc/Documents/code/eval_STSPIN_FW_encoder/motor_driver_eval_graph/Src/mc_tasks.c:598:13:FOC_Clear	16	static
/Users/msvc/Documents/code/eval_STSPIN_FW_encoder/motor_driver_eval_graph/Src/mc_tasks.c:106:13:MCboot	48	static
/Users/msvc/Documents/code/eval_STSPIN_FW_encoder/motor_driver_eval_graph/Src/mc_tasks.c:634:13:FOC_InitAdditionalMethods	0	static
/Users/msvc/Documents/code/eval_STSPIN_FW_encoder/motor_driver_eval_graph/Src/mc_tasks.c:657:13:FOC_CalcCurrRef	8	static
/Users/msvc/Documents/code/eval_STSPIN_FW_encoder/motor_driver_eval_graph/Src/mc_tasks.c:684:13:TSK_SetChargeBootCapDelayM1	0	static
/Users/msvc/Documents/code/eval_STSPIN_FW_encoder/motor_driver_eval_graph/Src/mc_tasks.c:695:13:TSK_ChargeBootCapDelayHasElapsedM1	0	static
/Users/msvc/Documents/code/eval_STSPIN_FW_encoder/motor_driver_eval_graph/Src/mc_tasks.c:711:13:TSK_SetStopPermanencyTimeM1	0	static
/Users/msvc/Documents/code/eval_STSPIN_FW_encoder/motor_driver_eval_graph/Src/mc_tasks.c:242:6:TSK_MF_StopProcessing	16	static
/Users/msvc/Documents/code/eval_STSPIN_FW_encoder/motor_driver_eval_graph/Src/mc_tasks.c:722:13:TSK_StopPermanencyTimeHasElapsedM1	0	static
/Users/msvc/Documents/code/eval_STSPIN_FW_encoder/motor_driver_eval_graph/Src/mc_tasks.c:339:13:TSK_MediumFrequencyTaskM1	40	static
/Users/msvc/Documents/code/eval_STSPIN_FW_encoder/motor_driver_eval_graph/Src/mc_tasks.c:257:13:MC_Scheduler	16	static
/Users/msvc/Documents/code/eval_STSPIN_FW_encoder/motor_driver_eval_graph/Src/mc_tasks.c:748:16:TSK_HighFrequencyTask	56	static
/Users/msvc/Documents/code/eval_STSPIN_FW_encoder/motor_driver_eval_graph/Src/mc_tasks.c:873:13:TSK_SafetyTask_PWMOFF	32	static
/Users/msvc/Documents/code/eval_STSPIN_FW_encoder/motor_driver_eval_graph/Src/mc_tasks.c:848:13:TSK_SafetyTask	8	static
/Users/msvc/Documents/code/eval_STSPIN_FW_encoder/motor_driver_eval_graph/Src/mc_tasks.c:220:13:MC_RunMotorControlTasks	8	static
/Users/msvc/Documents/code/eval_STSPIN_FW_encoder/motor_driver_eval_graph/Src/mc_tasks.c:938:22:GetMCI	0	static
/Users/msvc/Documents/code/eval_STSPIN_FW_encoder/motor_driver_eval_graph/Src/mc_tasks.c:958:13:TSK_HardwareFaultTask	8	static
/Users/msvc/Documents/code/eval_STSPIN_FW_encoder/motor_driver_eval_graph/Src/mc_tasks.c:971:13:UI_HandleStartStopButton_cb	8	static
/Users/msvc/Documents/code/eval_STSPIN_FW_encoder/motor_driver_eval_graph/Src/mc_tasks.c:989:13:mc_lock_pins	16	static
