/Users/msvc/Documents/code/eval_STSPIN_FW_encoder/motor_driver_eval_graph/Src/pwm_curr_fdbk.c:75:6:PWMC_Clear	0	static
/Users/msvc/Documents/code/eval_STSPIN_FW_encoder/motor_driver_eval_graph/Src/pwm_curr_fdbk.c:100:13:PWMC_SetOffsetCalib	8	static
/Users/msvc/Documents/code/eval_STSPIN_FW_encoder/motor_driver_eval_graph/Src/pwm_curr_fdbk.c:117:13:PWMC_GetOffsetCalib	8	static
/Users/msvc/Documents/code/eval_STSPIN_FW_encoder/motor_driver_eval_graph/Src/pwm_curr_fdbk.c:151:13:PWMC_GetPhaseCurrents	8	static
/Users/msvc/Documents/code/eval_STSPIN_FW_encoder/motor_driver_eval_graph/Src/pwm_curr_fdbk.c:194:17:PWMC_SetPhaseVoltage	40	static
/Users/msvc/Documents/code/eval_STSPIN_FW_encoder/motor_driver_eval_graph/Src/pwm_curr_fdbk.c:398:13:PWMC_SwitchOffPWM	8	static
/Users/msvc/Documents/code/eval_STSPIN_FW_encoder/motor_driver_eval_graph/Src/pwm_curr_fdbk.c:420:13:PWMC_SwitchOnPWM	8	static
/Users/msvc/Documents/code/eval_STSPIN_FW_encoder/motor_driver_eval_graph/Src/pwm_curr_fdbk.c:448:13:PWMC_CurrentReadingCalibr	8	static
/Users/msvc/Documents/code/eval_STSPIN_FW_encoder/motor_driver_eval_graph/Src/pwm_curr_fdbk.c:550:6:PWMC_CalcPhaseCurrentsEst	32	static
/Users/msvc/Documents/code/eval_STSPIN_FW_encoder/motor_driver_eval_graph/Src/pwm_curr_fdbk.c:605:13:PWMC_TurnOnLowSides	8	static
/Users/msvc/Documents/code/eval_STSPIN_FW_encoder/motor_driver_eval_graph/Src/pwm_curr_fdbk.c:633:14:PWMC_OCP_Handler	0	static
/Users/msvc/Documents/code/eval_STSPIN_FW_encoder/motor_driver_eval_graph/Src/pwm_curr_fdbk.c:681:14:PWMC_DP_Handler	0	static
/Users/msvc/Documents/code/eval_STSPIN_FW_encoder/motor_driver_eval_graph/Src/pwm_curr_fdbk.c:730:14:PWMC_OVP_Handler	0	static
/Users/msvc/Documents/code/eval_STSPIN_FW_encoder/motor_driver_eval_graph/Src/pwm_curr_fdbk.c:758:17:PWMC_IsFaultOccurred	0	static
/Users/msvc/Documents/code/eval_STSPIN_FW_encoder/motor_driver_eval_graph/Src/pwm_curr_fdbk.c:804:13:PWMC_OCPSetReferenceVoltage	8	static
/Users/msvc/Documents/code/eval_STSPIN_FW_encoder/motor_driver_eval_graph/Src/pwm_curr_fdbk.c:827:13:PWMC_GetTurnOnLowSidesAction	0	static
/Users/msvc/Documents/code/eval_STSPIN_FW_encoder/motor_driver_eval_graph/Src/pwm_curr_fdbk.c:839:13:PWMC_DPWM_ModeEnable	0	static
/Users/msvc/Documents/code/eval_STSPIN_FW_encoder/motor_driver_eval_graph/Src/pwm_curr_fdbk.c:858:13:PWMC_DPWM_ModeDisable	0	static
/Users/msvc/Documents/code/eval_STSPIN_FW_encoder/motor_driver_eval_graph/Src/pwm_curr_fdbk.c:879:13:PWMC_GetDPWM_Mode	0	static
/Users/msvc/Documents/code/eval_STSPIN_FW_encoder/motor_driver_eval_graph/Src/pwm_curr_fdbk.c:892:13:PWMC_RLDetectionModeEnable	8	static
/Users/msvc/Documents/code/eval_STSPIN_FW_encoder/motor_driver_eval_graph/Src/pwm_curr_fdbk.c:912:13:PWMC_RLDetectionModeDisable	8	static
/Users/msvc/Documents/code/eval_STSPIN_FW_encoder/motor_driver_eval_graph/Src/pwm_curr_fdbk.c:936:17:PWMC_RLDetectionModeSetDuty	8	static
/Users/msvc/Documents/code/eval_STSPIN_FW_encoder/motor_driver_eval_graph/Src/pwm_curr_fdbk.c:959:13:PWMC_RLTurnOnLowSidesAndStart	8	static
/Users/msvc/Documents/code/eval_STSPIN_FW_encoder/motor_driver_eval_graph/Src/pwm_curr_fdbk.c:982:6:PWMC_SetAlignFlag	0	static
/Users/msvc/Documents/code/eval_STSPIN_FW_encoder/motor_driver_eval_graph/Src/pwm_curr_fdbk.c:1004:13:PWMC_RegisterGetPhaseCurrentsCallBack	0	static
/Users/msvc/Documents/code/eval_STSPIN_FW_encoder/motor_driver_eval_graph/Src/pwm_curr_fdbk.c:1027:13:PWMC_RegisterSwitchOffPwmCallBack	0	static
/Users/msvc/Documents/code/eval_STSPIN_FW_encoder/motor_driver_eval_graph/Src/pwm_curr_fdbk.c:1050:13:PWMC_RegisterSwitchonPwmCallBack	0	static
/Users/msvc/Documents/code/eval_STSPIN_FW_encoder/motor_driver_eval_graph/Src/pwm_curr_fdbk.c:1073:13:PWMC_RegisterReadingCalibrationCallBack	0	static
/Users/msvc/Documents/code/eval_STSPIN_FW_encoder/motor_driver_eval_graph/Src/pwm_curr_fdbk.c:1095:13:PWMC_RegisterTurnOnLowSidesCallBack	0	static
/Users/msvc/Documents/code/eval_STSPIN_FW_encoder/motor_driver_eval_graph/Src/pwm_curr_fdbk.c:1117:13:PWMC_RegisterSampPointSectXCallBack	0	static
/Users/msvc/Documents/code/eval_STSPIN_FW_encoder/motor_driver_eval_graph/Src/pwm_curr_fdbk.c:1140:13:PWMC_RegisterOCPSetRefVoltageCallBack	0	static
/Users/msvc/Documents/code/eval_STSPIN_FW_encoder/motor_driver_eval_graph/Src/pwm_curr_fdbk.c:1162:13:PWMC_RegisterRLDetectionModeEnableCallBack	0	static
/Users/msvc/Documents/code/eval_STSPIN_FW_encoder/motor_driver_eval_graph/Src/pwm_curr_fdbk.c:1184:13:PWMC_RegisterRLDetectionModeDisableCallBack	0	static
/Users/msvc/Documents/code/eval_STSPIN_FW_encoder/motor_driver_eval_graph/Src/pwm_curr_fdbk.c:1207:13:PWMC_RegisterRLDetectionModeSetDutyCallBack	0	static
