/Users/msvc/Documents/code/eval_STSPIN_FW_encoder/motor_driver_eval_graph/Src/stm32f0xx_mc_it.c:75:6:DMA1_Channel1_IRQHandler	8	static
/Users/msvc/Documents/code/eval_STSPIN_FW_encoder/motor_driver_eval_graph/Src/stm32f0xx_mc_it.c:98:6:TIM1_BRK_UP_TRG_COM_IRQHandler	8	static
/Users/msvc/Documents/code/eval_STSPIN_FW_encoder/motor_driver_eval_graph/Src/stm32f0xx_mc_it.c:134:6:DMA1_Channel4_5_IRQHandler	8	static
/Users/msvc/Documents/code/eval_STSPIN_FW_encoder/motor_driver_eval_graph/Src/stm32f0xx_mc_it.c:157:6:TIM2_IRQHandler	8	static
/Users/msvc/Documents/code/eval_STSPIN_FW_encoder/motor_driver_eval_graph/Src/stm32f0xx_mc_it.c:181:6:DMA1_Channel2_3_IRQHandler	8	static
/Users/msvc/Documents/code/eval_STSPIN_FW_encoder/motor_driver_eval_graph/Src/stm32f0xx_mc_it.c:190:6:USART1_IRQHandler	8	static,ignoring_inline_asm
/Users/msvc/Documents/code/eval_STSPIN_FW_encoder/motor_driver_eval_graph/Src/stm32f0xx_mc_it.c:231:6:HardFault_Handler	8	static
/Users/msvc/Documents/code/eval_STSPIN_FW_encoder/motor_driver_eval_graph/Src/stm32f0xx_mc_it.c:249:6:SysTick_Handler	8	static
/Users/msvc/Documents/code/eval_STSPIN_FW_encoder/motor_driver_eval_graph/Src/stm32f0xx_mc_it.c:293:6:EXTI4_15_IRQHandler	8	static
